../Core/Src/main.c:98:14:IdleHandler	8	static
../Core/Src/main.c:118:14:TandHReaderHandler	24	static
../Core/Src/main.c:154:14:AirQReaderHandler	8	static
../Core/Src/main.c:178:14:DisplayResultsHandler	8	static
../Core/Src/main.c:193:6:microDelay	16	static
../Core/Src/main.c:199:9:DHT11_Start	32	static
../Core/Src/main.c:234:9:DHT11_Read	16	static
../Core/Src/main.c:267:9:getAirQuality	32	static
../Core/Src/main.c:286:5:main	16	static
../Core/Src/main.c:350:6:SystemClock_Config	96	static
../Core/Src/main.c:397:13:MX_I2C1_Init	8	static
../Core/Src/main.c:445:13:MX_TIM1_Init	40	static
../Core/Src/main.c:492:13:MX_USART2_UART_Init	8	static
../Core/Src/main.c:527:13:MX_GPIO_Init	40	static
../Core/Src/main.c:566:6:Error_Handler	4	static,ignoring_inline_asm
